[]*ctags.Entry{{
	Name:     "f",
	Path:     "test.groovy",
	Line:     6,
	Kind:     "method",
	Language: "Groovy",
	Pattern:  "/^def f() {$/",
}}
